Release 14.7 - xst P.20131013 (nt)
Copyright (c) 1995-2013 Xilinx, Inc.  All rights reserved.
--> Parameter TMPDIR set to xst/projnav.tmp


Total REAL time to Xst completion: 0.00 secs
Total CPU time to Xst completion: 0.11 secs
 
--> Parameter xsthdpdir set to xst


Total REAL time to Xst completion: 0.00 secs
Total CPU time to Xst completion: 0.12 secs
 
--> Reading design: counter2bit.prj

TABLE OF CONTENTS
  1) Synthesis Options Summary
  2) HDL Parsing
  3) HDL Elaboration
  4) HDL Synthesis
       4.1) HDL Synthesis Report
  5) Advanced HDL Synthesis
       5.1) Advanced HDL Synthesis Report
  6) Low Level Synthesis
  7) Partition Report
  8) Design Summary
       8.1) Primitive and Black Box Usage
       8.2) Device utilization summary
       8.3) Partition Resource Summary
       8.4) Timing Report
            8.4.1) Clock Information
            8.4.2) Asynchronous Control Signals Information
            8.4.3) Timing Summary
            8.4.4) Timing Details
            8.4.5) Cross Clock Domains Report


=========================================================================
*                      Synthesis Options Summary                        *
=========================================================================
---- Source Parameters
Input File Name                    : "counter2bit.prj"
Ignore Synthesis Constraint File   : NO

---- Target Parameters
Output File Name                   : "counter2bit"
Output Format                      : NGC
Target Device                      : xc6slx9-3-tqg144

---- Source Options
Top Module Name                    : counter2bit
Automatic FSM Extraction           : YES
FSM Encoding Algorithm             : Auto
Safe Implementation                : No
FSM Style                          : LUT
RAM Extraction                     : Yes
RAM Style                          : Auto
ROM Extraction                     : Yes
Shift Register Extraction          : YES
ROM Style                          : Auto
Resource Sharing                   : YES
Asynchronous To Synchronous        : NO
Shift Register Minimum Size        : 2
Use DSP Block                      : Auto
Automatic Register Balancing       : No

---- Target Options
LUT Combining                      : Auto
Reduce Control Sets                : Auto
Add IO Buffers                     : YES
Global Maximum Fanout              : 100000
Add Generic Clock Buffer(BUFG)     : 16
Register Duplication               : YES
Optimize Instantiated Primitives   : NO
Use Clock Enable                   : Auto
Use Synchronous Set                : Auto
Use Synchronous Reset              : Auto
Pack IO Registers into IOBs        : Auto
Equivalent register Removal        : YES

---- General Options
Optimization Goal                  : Speed
Optimization Effort                : 1
Power Reduction                    : NO
Keep Hierarchy                     : No
Netlist Hierarchy                  : As_Optimized
RTL Output                         : Yes
Global Optimization                : AllClockNets
Read Cores                         : YES
Write Timing Constraints           : NO
Cross Clock Analysis               : NO
Hierarchy Separator                : /
Bus Delimiter                      : <>
Case Specifier                     : Maintain
Slice Utilization Ratio            : 100
BRAM Utilization Ratio             : 100
DSP48 Utilization Ratio            : 100
Auto BRAM Packing                  : NO
Slice Utilization Ratio Delta      : 5

=========================================================================


=========================================================================
*                          HDL Parsing                                  *
=========================================================================
Analyzing Verilog file "C:\Users\62010472\Documents\XilingLAB\counter2\counter2bit.vf" into library work
Parsing module <D2_4E_HXILINX_counter2bit>.
Parsing module <CB2CE_HXILINX_counter2bit>.
Parsing module <counter2bit>.

=========================================================================
*                            HDL Elaboration                            *
=========================================================================

Elaborating module <counter2bit>.

Elaborating module <CB2CE_HXILINX_counter2bit>.
WARNING:HDLCompiler:413 - "C:\Users\62010472\Documents\XilingLAB\counter2\counter2bit.vf" Line 79: Result of 3-bit expression is truncated to fit in 2-bit target.

Elaborating module <VCC>.

Elaborating module <GND>.

Elaborating module <D2_4E_HXILINX_counter2bit>.

=========================================================================
*                           HDL Synthesis                               *
=========================================================================

Synthesizing Unit <counter2bit>.
    Related source file is "C:\Users\62010472\Documents\XilingLAB\counter2\counter2bit.vf".
    Set property "HU_SET = XLXI_1_0" for instance <XLXI_1>.
    Set property "HU_SET = XLXI_4_1" for instance <XLXI_4>.
INFO:Xst:3210 - "C:\Users\62010472\Documents\XilingLAB\counter2\counter2bit.vf" line 106: Output port <CEO> of the instance <XLXI_1> is unconnected or connected to loadless signal.
INFO:Xst:3210 - "C:\Users\62010472\Documents\XilingLAB\counter2\counter2bit.vf" line 106: Output port <TC> of the instance <XLXI_1> is unconnected or connected to loadless signal.
    Summary:
	no macro.
Unit <counter2bit> synthesized.

Synthesizing Unit <CB2CE_HXILINX_counter2bit>.
    Related source file is "C:\Users\62010472\Documents\XilingLAB\counter2\counter2bit.vf".
    Found 1-bit register for signal <Q1>.
    Found 1-bit register for signal <Q0>.
    Found 2-bit adder for signal <Q1_GND_2_o_add_0_OUT> created at line 79.
    Summary:
	inferred   1 Adder/Subtractor(s).
	inferred   2 D-type flip-flop(s).
Unit <CB2CE_HXILINX_counter2bit> synthesized.

Synthesizing Unit <D2_4E_HXILINX_counter2bit>.
    Related source file is "C:\Users\62010472\Documents\XilingLAB\counter2\counter2bit.vf".
    Summary:
	inferred   4 Multiplexer(s).
Unit <D2_4E_HXILINX_counter2bit> synthesized.

=========================================================================
HDL Synthesis Report

Macro Statistics
# Adders/Subtractors                                   : 1
 2-bit adder                                           : 1
# Registers                                            : 2
 1-bit register                                        : 2
# Multiplexers                                         : 4
 1-bit 2-to-1 multiplexer                              : 4

=========================================================================

=========================================================================
*                       Advanced HDL Synthesis                          *
=========================================================================


=========================================================================
Advanced HDL Synthesis Report

Macro Statistics
# Adders/Subtractors                                   : 1
 2-bit adder                                           : 1
# Registers                                            : 2
 Flip-Flops                                            : 2
# Multiplexers                                         : 4
 1-bit 2-to-1 multiplexer                              : 4

=========================================================================

=========================================================================
*                         Low Level Synthesis                           *
=========================================================================

Optimizing unit <counter2bit> ...

Optimizing unit <CB2CE_HXILINX_counter2bit> ...

Optimizing unit <D2_4E_HXILINX_counter2bit> ...

Mapping all equations...
Building and optimizing final netlist ...
Found area constraint ratio of 100 (+ 5) on block counter2bit, actual ratio is 0.

Final Macro Processing ...

=========================================================================
Final Register Report

Macro Statistics
# Registers                                            : 2
 Flip-Flops                                            : 2

=========================================================================

=========================================================================
*                           Partition Report                            *
=========================================================================

Partition Implementation Status
-------------------------------

  No Partitions were found in this design.

-------------------------------

=========================================================================
*                            Design Summary                             *
=========================================================================

Top Level Output File Name         : counter2bit.ngc

Primitive and Black Box Usage:
------------------------------
# BELS                             : 8
#      GND                         : 1
#      INV                         : 1
#      LUT2                        : 5
#      VCC                         : 1
# FlipFlops/Latches                : 2
#      FDCE                        : 2
# Clock Buffers                    : 1
#      BUFGP                       : 1
# IO Buffers                       : 4
#      OBUF                        : 4

Device utilization summary:
---------------------------

Selected Device : 6slx9tqg144-3 


Slice Logic Utilization: 
 Number of Slice Registers:               2  out of  11440     0%  
 Number of Slice LUTs:                    6  out of   5720     0%  
    Number used as Logic:                 6  out of   5720     0%  

Slice Logic Distribution: 
 Number of LUT Flip Flop pairs used:      8
   Number with an unused Flip Flop:       6  out of      8    75%  
   Number with an unused LUT:             2  out of      8    25%  
   Number of fully used LUT-FF pairs:     0  out of      8     0%  
   Number of unique control sets:         1

IO Utilization: 
 Number of IOs:                           5
 Number of bonded IOBs:                   5  out of    102     4%  

Specific Feature Utilization:
 Number of BUFG/BUFGCTRLs:                1  out of     16     6%  

---------------------------
Partition Resource Summary:
---------------------------

  No Partitions were found in this design.

---------------------------


=========================================================================
Timing Report

NOTE: THESE TIMING NUMBERS ARE ONLY A SYNTHESIS ESTIMATE.
      FOR ACCURATE TIMING INFORMATION PLEASE REFER TO THE TRACE REPORT
      GENERATED AFTER PLACE-and-ROUTE.

Clock Information:
------------------
-----------------------------------+------------------------+-------+
Clock Signal                       | Clock buffer(FF name)  | Load  |
-----------------------------------+------------------------+-------+
PB1                                | BUFGP                  | 2     |
-----------------------------------+------------------------+-------+

Asynchronous Control Signals Information:
----------------------------------------
No asynchronous control signals found in this design

Timing Summary:
---------------
Speed Grade: -3

   Minimum period: 2.078ns (Maximum Frequency: 481.325MHz)
   Minimum input arrival time before clock: No path found
   Maximum output required time after clock: 4.649ns
   Maximum combinational path delay: No path found

Timing Details:
---------------
All values displayed in nanoseconds (ns)

=========================================================================
Timing constraint: Default period analysis for Clock 'PB1'
  Clock period: 2.078ns (frequency: 481.325MHz)
  Total number of paths / destination ports: 3 / 2
-------------------------------------------------------------------------
Delay:               2.078ns (Levels of Logic = 1)
  Source:            XLXI_1/Q0 (FF)
  Destination:       XLXI_1/Q0 (FF)
  Source Clock:      PB1 rising
  Destination Clock: PB1 rising

  Data Path: XLXI_1/Q0 to XLXI_1/Q0
                                Gate     Net
    Cell:in->out      fanout   Delay   Delay  Logical Name (Net Name)
    ----------------------------------------  ------------
     FDCE:C->Q             6   0.447   0.744  Q0 (Q0)
     INV:I->O              1   0.206   0.579  Madd_Q1_GND_2_o_add_0_OUT_xor<0>11_INV_0 (Q1_GND_2_o_add_0_OUT<0>)
     FDCE:D                    0.102          Q0
    ----------------------------------------
    Total                      2.078ns (0.755ns logic, 1.323ns route)
                                       (36.3% logic, 63.7% route)

=========================================================================
Timing constraint: Default OFFSET OUT AFTER for Clock 'PB1'
  Total number of paths / destination ports: 8 / 4
-------------------------------------------------------------------------
Offset:              4.649ns (Levels of Logic = 4)
  Source:            XLXI_1/Q0 (FF)
  Destination:       L2 (PAD)
  Source Clock:      PB1 rising

  Data Path: XLXI_1/Q0 to L2
                                Gate     Net
    Cell:in->out      fanout   Delay   Delay  Logical Name (Net Name)
    ----------------------------------------  ------------
     FDCE:C->Q             6   0.447   0.849  Q0 (Q0)
     end scope: 'XLXI_1:Q0'
     begin scope: 'XLXI_4:A0'
     LUT2:I0->O            1   0.203   0.579  Mmux_D211 (D2)
     end scope: 'XLXI_4:D2'
     OBUF:I->O                 2.571          L2_OBUF (L2)
    ----------------------------------------
    Total                      4.649ns (3.221ns logic, 1.428ns route)
                                       (69.3% logic, 30.7% route)

=========================================================================

Cross Clock Domains Report:
--------------------------

Clock to Setup on destination clock PB1
---------------+---------+---------+---------+---------+
               | Src:Rise| Src:Fall| Src:Rise| Src:Fall|
Source Clock   |Dest:Rise|Dest:Rise|Dest:Fall|Dest:Fall|
---------------+---------+---------+---------+---------+
PB1            |    2.078|         |         |         |
---------------+---------+---------+---------+---------+

=========================================================================


Total REAL time to Xst completion: 4.00 secs
Total CPU time to Xst completion: 3.90 secs
 
--> 

Total memory usage is 230700 kilobytes

Number of errors   :    0 (   0 filtered)
Number of warnings :    1 (   0 filtered)
Number of infos    :    2 (   0 filtered)

