--------------------------------------------------------------------------------
Release 14.7 Trace  (nt64)
Copyright (c) 1995-2013 Xilinx, Inc.  All rights reserved.

C:\Xilinx\14.7\ISE_DS\ISE\bin\nt64\unwrapped\trce.exe -intstyle ise -v 3 -s 3
-n 3 -fastpaths -xml counter0_9.twx counter0_9.ncd -o counter0_9.twr
counter0_9.pcf

Design file:              counter0_9.ncd
Physical constraint file: counter0_9.pcf
Device,package,speed:     xc6slx9,tqg144,C,-3 (PRODUCTION 1.23 2013-10-13)
Report level:             verbose report

Environment Variable      Effect 
--------------------      ------ 
NONE                      No environment variables were set
--------------------------------------------------------------------------------

INFO:Timing:2698 - No timing constraints found, doing default enumeration.
INFO:Timing:3412 - To improve timing, see the Timing Closure User Guide (UG612).
INFO:Timing:2752 - To get complete path coverage, use the unconstrained paths 
   option. All paths that are not constrained will be reported in the 
   unconstrained paths section(s) of the report.
INFO:Timing:3339 - The clock-to-out numbers in this timing report are based on 
   a 50 Ohm transmission line loading model.  For the details of this model, 
   and for more information on accounting for different loading conditions, 
   please see the device datasheet.



Data Sheet report:
-----------------
All values displayed in nanoseconds (ns)

Pad to Pad
---------------+---------------+---------+
Source Pad     |Destination Pad|  Delay  |
---------------+---------------+---------+
IN_0           |a              |    6.621|
IN_0           |b              |    6.085|
IN_0           |c              |    7.027|
IN_0           |d              |    6.800|
IN_0           |e              |    7.830|
IN_0           |f              |    6.397|
IN_0           |g              |    7.178|
IN_1           |a              |    6.450|
IN_1           |b              |    6.299|
IN_1           |c              |    6.954|
IN_1           |d              |    6.776|
IN_1           |e              |    7.157|
IN_1           |f              |    5.960|
IN_1           |g              |    6.660|
IN_3           |a              |    6.786|
IN_3           |b              |    6.279|
IN_3           |c              |    6.585|
IN_3           |d              |    7.106|
IN_3           |e              |    7.464|
IN_3           |f              |    6.680|
IN_3           |g              |    7.190|
IN_4           |a              |    7.282|
IN_4           |b              |    6.928|
IN_4           |c              |    6.695|
IN_4           |d              |    7.262|
IN_4           |e              |    6.590|
IN_4           |f              |    7.116|
IN_4           |g              |    5.951|
---------------+---------------+---------+


Analysis completed Fri Nov 20 13:03:22 2020 
--------------------------------------------------------------------------------

Trace Settings:
-------------------------
Trace Settings 

Peak Memory Usage: 4549 MB



